============================= test session starts =============================
platform win32 -- Python 3.10.11, pytest-9.0.2, pluggy-1.6.0
rootdir: C:\repos\financial-lineage-tool-backend
plugins: anyio-4.12.0, asyncio-1.3.0
asyncio: mode=strict, debug=False, asyncio_default_fixture_loop_scope=None, asyncio_default_test_loop_scope=function
collected 0 items / 1 error

=================================== ERRORS ====================================
____________ ERROR collecting tests/unit/api/test_github_router.py ____________
ImportError while importing test module 'C:\repos\financial-lineage-tool-backend\tests\unit\api\test_github_router.py'.
Hint: make sure your test modules/packages have valid Python names.
Traceback:
C:\Program Files\WindowsApps\PythonSoftwareFoundation.Python.3.10_3.10.3056.0_x64__qbz5n2kfra8p0\lib\importlib\__init__.py:126: in import_module
    return _bootstrap._gcd_import(name[level:], package, level)
tests\unit\api\test_github_router.py:3: in <module>
    from fastapi.testclient import TestClient
E   ModuleNotFoundError: No module named 'fastapi'
=========================== short test summary info ===========================
ERROR tests/unit/api/test_github_router.py
!!!!!!!!!!!!!!!!!!! Interrupted: 1 error during collection !!!!!!!!!!!!!!!!!!!!
============================== 1 error in 0.31s ===============================
